00:00 +0: loading C:/Users/Admin/Documents/test_app/RentMySaman/frontend/test/widget_test.dart
00:00 +0: App initialization test
══╡ EXCEPTION CAUGHT BY WIDGETS LIBRARY ╞═══════════════════════════════════════════════════════════
The following FirebaseException was thrown building Builder:
[core/no-app] No Firebase App '[DEFAULT]' has been created - call Firebase.initializeApp()

The relevant error-causing widget was:
  MaterialApp
  MaterialApp:file:///C:/Users/Admin/Documents/test_app/RentMySaman/frontend/lib/main.dart:18:12

When the exception was thrown, this was the stack:
#0      MethodChannelFirebase.app (package:firebase_core_platform_interface/src/method_channel/method_channel_firebase.dart:195:5)
#1      Firebase.app (package:firebase_core/src/firebase.dart:56:41)
#2      FirebaseAuth.instance (package:firebase_auth/src/firebase_auth.dart:38:47)
#3      new AuthService (package:rent_my_saman/services/auth_service.dart:5:43)
#4      new _LoginScreenState (package:rent_my_saman/screens/auth/login_screen.dart:16:24)
#5      LoginScreen.createState (package:rent_my_saman/screens/auth/login_screen.dart:10:39)
#6      new StatefulElement (package:flutter/src/widgets/framework.dart:5905:60)
#7      StatefulWidget.createElement (package:flutter/src/widgets/framework.dart:779:38)
...     Normal element mounting (260 frames)
#267    Element.inflateWidget (package:flutter/src/widgets/framework.dart:4590:20)
#268    MultiChildRenderObjectElement.inflateWidget (package:flutter/src/widgets/framework.dart:7269:36)
#269    MultiChildRenderObjectElement.mount (package:flutter/src/widgets/framework.dart:7285:32)
...     Normal element mounting (454 frames)
#723    Element.inflateWidget (package:flutter/src/widgets/framework.dart:4590:20)
#724    Element.updateChild (package:flutter/src/widgets/framework.dart:4053:20)
#725    ComponentElement.performRebuild (package:flutter/src/widgets/framework.dart:5844:16)
#726    Element.rebuild (package:flutter/src/widgets/framework.dart:5532:7)
#727    ProxyElement.update (package:flutter/src/widgets/framework.dart:6152:5)
#728    _InheritedNotifierElement.update (package:flutter/src/widgets/inherited_notifier.dart:108:11)
#729    Element.updateChild (package:flutter/src/widgets/framework.dart:4037:15)
#730    ComponentElement.performRebuild (package:flutter/src/widgets/framework.dart:5844:16)
#731    StatefulElement.performRebuild (package:flutter/src/widgets/framework.dart:5985:11)
#732    Element.rebuild (package:flutter/src/widgets/framework.dart:5532:7)
#733    StatefulElement.update (package:flutter/src/widgets/framework.dart:6010:5)
#734    Element.updateChild (package:flutter/src/widgets/framework.dart:4037:15)
#735    ComponentElement.performRebuild (package:flutter/src/widgets/framework.dart:5844:16)
#736    Element.rebuild (package:flutter/src/widgets/framework.dart:5532:7)
#737    ProxyElement.update (package:flutter/src/widgets/framework.dart:6152:5)
#738    _InheritedNotifierElement.update (package:flutter/src/widgets/inherited_notifier.dart:108:11)
#739    Element.updateChild (package:flutter/src/widgets/framework.dart:4037:15)
#740    ComponentElement.performRebuild (package:flutter/src/widgets/framework.dart:5844:16)
#741    StatefulElement.performRebuild (package:flutter/src/widgets/framework.dart:5985:11)
#742    Element.rebuild (package:flutter/src/widgets/framework.dart:5532:7)
#743    StatefulElement.update (package:flutter/src/widgets/framework.dart:6010:5)
#744    Element.updateChild (package:flutter/src/widgets/framework.dart:4037:15)
#745    ComponentElement.performRebuild (package:flutter/src/widgets/framework.dart:5844:16)
#746    StatefulElement.performRebuild (package:flutter/src/widgets/framework.dart:5985:11)
#747    Element.rebuild (package:flutter/src/widgets/framework.dart:5532:7)
#748    StatefulElement.update (package:flutter/src/widgets/framework.dart:6010:5)
#749    Element.updateChild (package:flutter/src/widgets/framework.dart:4037:15)
#750    ComponentElement.performRebuild (package:flutter/src/widgets/framework.dart:5844:16)
#751    Element.rebuild (package:flutter/src/widgets/framework.dart:5532:7)
#752    ProxyElement.update (package:flutter/src/widgets/framework.dart:6152:5)
#753    Element.updateChild (package:flutter/src/widgets/framework.dart:4037:15)
#754    ComponentElement.performRebuild (package:flutter/src/widgets/framework.dart:5844:16)
#755    StatefulElement.performRebuild (package:flutter/src/widgets/framework.dart:5985:11)
#756    Element.rebuild (package:flutter/src/widgets/framework.dart:5532:7)
#757    StatefulElement.update (package:flutter/src/widgets/framework.dart:6010:5)
#758    Element.updateChild (package:flutter/src/widgets/framework.dart:4037:15)
#759    ComponentElement.performRebuild (package:flutter/src/widgets/framework.dart:5844:16)
#760    Element.rebuild (package:flutter/src/widgets/framework.dart:5532:7)
#761    ProxyElement.update (package:flutter/src/widgets/framework.dart:6152:5)
#762    Element.updateChild (package:flutter/src/widgets/framework.dart:4037:15)
#763    ComponentElement.performRebuild (package:flutter/src/widgets/framework.dart:5844:16)
#764    Element.rebuild (package:flutter/src/widgets/framework.dart:5532:7)
#765    ProxyElement.update (package:flutter/src/widgets/framework.dart:6152:5)
#766    Element.updateChild (package:flutter/src/widgets/framework.dart:4037:15)
#767    _RawViewElement._updateChild (package:flutter/src/widgets/view.dart:481:16)
#768    _RawViewElement.update (package:flutter/src/widgets/view.dart:568:5)
#769    Element.updateChild (package:flutter/src/widgets/framework.dart:4037:15)
#770    ComponentElement.performRebuild (package:flutter/src/widgets/framework.dart:5844:16)
#771    Element.rebuild (package:flutter/src/widgets/framework.dart:5532:7)
#772    StatelessElement.update (package:flutter/src/widgets/framework.dart:5898:5)
#773    Element.updateChild (package:flutter/src/widgets/framework.dart:4037:15)
#774    ComponentElement.performRebuild (package:flutter/src/widgets/framework.dart:5844:16)
#775    StatefulElement.performRebuild (package:flutter/src/widgets/framework.dart:5985:11)
#776    Element.rebuild (package:flutter/src/widgets/framework.dart:5532:7)
#777    StatefulElement.update (package:flutter/src/widgets/framework.dart:6010:5)
#778    Element.updateChild (package:flutter/src/widgets/framework.dart:4037:15)
#779    RootElement._rebuild (package:flutter/src/widgets/binding.dart:1782:16)
#780    RootElement.update (package:flutter/src/widgets/binding.dart:1760:5)
#781    RootElement.performRebuild (package:flutter/src/widgets/binding.dart:1774:7)
#782    Element.rebuild (package:flutter/src/widgets/framework.dart:5532:7)
#783    BuildScope._tryRebuild (package:flutter/src/widgets/framework.dart:2750:15)
#784    BuildScope._flushDirtyElements (package:flutter/src/widgets/framework.dart:2807:11)
#785    BuildOwner.buildScope (package:flutter/src/widgets/framework.dart:3111:18)
#786    AutomatedTestWidgetsFlutterBinding.drawFrame (package:flutter_test/src/binding.dart:1506:19)
#787    RendererBinding._handlePersistentFrameCallback (package:flutter/src/rendering/binding.dart:495:5)
#788    SchedulerBinding._invokeFrameCallback (package:flutter/src/scheduler/binding.dart:1434:15)
#789    SchedulerBinding.handleDrawFrame (package:flutter/src/scheduler/binding.dart:1347:9)
#790    AutomatedTestWidgetsFlutterBinding.pump.<anonymous closure> (package:flutter_test/src/binding.dart:1335:9)
#793    TestAsyncUtils.guard (package:flutter_test/src/test_async_utils.dart:74:41)
#794    AutomatedTestWidgetsFlutterBinding.pump (package:flutter_test/src/binding.dart:1324:27)
#795    WidgetTester.pumpWidget.<anonymous closure> (package:flutter_test/src/widget_tester.dart:598:22)
#798    TestAsyncUtils.guard (package:flutter_test/src/test_async_utils.dart:74:41)
#799    WidgetTester.pumpWidget (package:flutter_test/src/widget_tester.dart:595:27)
#800    main.<anonymous closure> (file:///C:/Users/Admin/Documents/test_app/RentMySaman/frontend/test/widget_test.dart:9:18)
#801    testWidgets.<anonymous closure>.<anonymous closure> (package:flutter_test/src/widget_tester.dart:192:29)
<asynchronous suspension>
#802    TestWidgetsFlutterBinding._runTestBody (package:flutter_test/src/binding.dart:1059:5)
<asynchronous suspension>
<asynchronous suspension>
(elided 5 frames from dart:async and package:stack_trace)

════════════════════════════════════════════════════════════════════════════════════════════════════
══╡ EXCEPTION CAUGHT BY FLUTTER TEST FRAMEWORK ╞════════════════════════════════════════════════════
The following TestFailure was thrown running a test:
Expected: exactly one matching candidate
  Actual: _TextWidgetFinder:<Found 0 widgets with text "Login to continue": []>
   Which: means none were found but one was expected

When the exception was thrown, this was the stack:
#4      main.<anonymous closure> (file:///C:/Users/Admin/Documents/test_app/RentMySaman/frontend/test/widget_test.dart:12:5)
<asynchronous suspension>
#5      testWidgets.<anonymous closure>.<anonymous closure> (package:flutter_test/src/widget_tester.dart:192:15)
<asynchronous suspension>
#6      TestWidgetsFlutterBinding._runTestBody (package:flutter_test/src/binding.dart:1059:5)
<asynchronous suspension>
<asynchronous suspension>
(elided one frame from package:stack_trace)

This was caught by the test expectation on the following line:
  file:///C:/Users/Admin/Documents/test_app/RentMySaman/frontend/test/widget_test.dart line 12
The test description was:
  App initialization test
════════════════════════════════════════════════════════════════════════════════════════════════════
══╡ EXCEPTION CAUGHT BY FLUTTER TEST FRAMEWORK ╞════════════════════════════════════════════════════
The following message was thrown:
Multiple exceptions (2) were detected during the running of the current test, and at least one was
unexpected.
════════════════════════════════════════════════════════════════════════════════════════════════════
00:00 +0 -1: App initialization test [E]
  Test failed. See exception logs above.
  The test description was: App initialization test
  
00:00 +0 -1: Some tests failed.
